Archive member included because of file (symbol)

/opt/nRF5_SDK_12.3.0_d7731ad/gcc-arm-none-eabi-4_9-2015q3/bin/../lib/gcc/arm-none-eabi/4.9.3/armv6-m/libgcc.a(_udivsi3.o)
                              ./Board Support/bsp.o (__aeabi_uidiv)
/opt/nRF5_SDK_12.3.0_d7731ad/gcc-arm-none-eabi-4_9-2015q3/bin/../lib/gcc/arm-none-eabi/4.9.3/armv6-m/libgcc.a(_dvmd_tls.o)
                              /opt/nRF5_SDK_12.3.0_d7731ad/gcc-arm-none-eabi-4_9-2015q3/bin/../lib/gcc/arm-none-eabi/4.9.3/armv6-m/libgcc.a(_udivsi3.o) (__aeabi_idiv0)
/opt/nRF5_SDK_12.3.0_d7731ad/gcc-arm-none-eabi-4_9-2015q3/bin/../lib/gcc/arm-none-eabi/4.9.3/../../../../arm-none-eabi/lib/armv6-m/libg_nano.a(lib_a-exit.o)
                              /opt/nRF5_SDK_12.3.0_d7731ad/gcc-arm-none-eabi-4_9-2015q3/bin/../lib/gcc/arm-none-eabi/4.9.3/../../../../arm-none-eabi/lib/armv6-m/crt0.o (exit)
/opt/nRF5_SDK_12.3.0_d7731ad/gcc-arm-none-eabi-4_9-2015q3/bin/../lib/gcc/arm-none-eabi/4.9.3/../../../../arm-none-eabi/lib/armv6-m/libg_nano.a(lib_a-impure.o)
                              /opt/nRF5_SDK_12.3.0_d7731ad/gcc-arm-none-eabi-4_9-2015q3/bin/../lib/gcc/arm-none-eabi/4.9.3/../../../../arm-none-eabi/lib/armv6-m/libg_nano.a(lib_a-exit.o) (_global_impure_ptr)
/opt/nRF5_SDK_12.3.0_d7731ad/gcc-arm-none-eabi-4_9-2015q3/bin/../lib/gcc/arm-none-eabi/4.9.3/../../../../arm-none-eabi/lib/armv6-m/libg_nano.a(lib_a-init.o)
                              /opt/nRF5_SDK_12.3.0_d7731ad/gcc-arm-none-eabi-4_9-2015q3/bin/../lib/gcc/arm-none-eabi/4.9.3/../../../../arm-none-eabi/lib/armv6-m/crt0.o (__libc_init_array)
/opt/nRF5_SDK_12.3.0_d7731ad/gcc-arm-none-eabi-4_9-2015q3/bin/../lib/gcc/arm-none-eabi/4.9.3/../../../../arm-none-eabi/lib/armv6-m/libg_nano.a(lib_a-memcpy.o)
                              ./nRF_Segger_RTT/SEGGER_RTT.o (memcpy)
/opt/nRF5_SDK_12.3.0_d7731ad/gcc-arm-none-eabi-4_9-2015q3/bin/../lib/gcc/arm-none-eabi/4.9.3/../../../../arm-none-eabi/lib/armv6-m/libg_nano.a(lib_a-memset.o)
                              /opt/nRF5_SDK_12.3.0_d7731ad/gcc-arm-none-eabi-4_9-2015q3/bin/../lib/gcc/arm-none-eabi/4.9.3/../../../../arm-none-eabi/lib/armv6-m/crt0.o (memset)
/opt/nRF5_SDK_12.3.0_d7731ad/gcc-arm-none-eabi-4_9-2015q3/bin/../lib/gcc/arm-none-eabi/4.9.3/../../../../arm-none-eabi/lib/armv6-m/libg_nano.a(lib_a-strcpy.o)
                              ./nRF_Segger_RTT/SEGGER_RTT.o (strcpy)
/opt/nRF5_SDK_12.3.0_d7731ad/gcc-arm-none-eabi-4_9-2015q3/bin/../lib/gcc/arm-none-eabi/4.9.3/../../../../arm-none-eabi/lib/armv6-m/libg_nano.a(lib_a-strlen.o)
                              ./nRF_Segger_RTT/SEGGER_RTT.o (strlen)
/opt/nRF5_SDK_12.3.0_d7731ad/gcc-arm-none-eabi-4_9-2015q3/bin/../lib/gcc/arm-none-eabi/4.9.3/../../../../arm-none-eabi/lib/armv6-m/libnosys.a(_exit.o)
                              /opt/nRF5_SDK_12.3.0_d7731ad/gcc-arm-none-eabi-4_9-2015q3/bin/../lib/gcc/arm-none-eabi/4.9.3/../../../../arm-none-eabi/lib/armv6-m/libg_nano.a(lib_a-exit.o) (_exit)

Allocating common symbols
Common symbol       size              file

nrf_nvic_state      0x8               ./nRF_Libraries/app_util_platform.o
_SEGGER_RTT         0x78              ./nRF_Segger_RTT/SEGGER_RTT.o

Discarded input sections

 .text          0x00000000        0x0 /opt/nRF5_SDK_12.3.0_d7731ad/gcc-arm-none-eabi-4_9-2015q3/bin/../lib/gcc/arm-none-eabi/4.9.3/armv6-m/crti.o
 .data          0x00000000        0x0 /opt/nRF5_SDK_12.3.0_d7731ad/gcc-arm-none-eabi-4_9-2015q3/bin/../lib/gcc/arm-none-eabi/4.9.3/armv6-m/crti.o
 .bss           0x00000000        0x0 /opt/nRF5_SDK_12.3.0_d7731ad/gcc-arm-none-eabi-4_9-2015q3/bin/../lib/gcc/arm-none-eabi/4.9.3/armv6-m/crti.o
 .data          0x00000000        0x4 /opt/nRF5_SDK_12.3.0_d7731ad/gcc-arm-none-eabi-4_9-2015q3/bin/../lib/gcc/arm-none-eabi/4.9.3/armv6-m/crtbegin.o
 .data          0x00000000        0x0 /opt/nRF5_SDK_12.3.0_d7731ad/gcc-arm-none-eabi-4_9-2015q3/bin/../lib/gcc/arm-none-eabi/4.9.3/../../../../arm-none-eabi/lib/armv6-m/crt0.o
 .bss           0x00000000        0x0 /opt/nRF5_SDK_12.3.0_d7731ad/gcc-arm-none-eabi-4_9-2015q3/bin/../lib/gcc/arm-none-eabi/4.9.3/../../../../arm-none-eabi/lib/armv6-m/crt0.o
 .ARM.extab     0x00000000        0x0 /opt/nRF5_SDK_12.3.0_d7731ad/gcc-arm-none-eabi-4_9-2015q3/bin/../lib/gcc/arm-none-eabi/4.9.3/../../../../arm-none-eabi/lib/armv6-m/crt0.o
 .group         0x00000000        0x8 ./nRF_SoftDevice/softdevice_handler.o
 .group         0x00000000        0x8 ./nRF_SoftDevice/softdevice_handler.o
 .group         0x00000000        0x8 ./nRF_SoftDevice/softdevice_handler.o
 .group         0x00000000        0x8 ./nRF_SoftDevice/softdevice_handler.o
 .group         0x00000000        0x8 ./nRF_SoftDevice/softdevice_handler.o
 .group         0x00000000        0x8 ./nRF_SoftDevice/softdevice_handler.o
 .group         0x00000000        0x8 ./nRF_SoftDevice/softdevice_handler.o
 .group         0x00000000        0x8 ./nRF_SoftDevice/softdevice_handler.o
 .group         0x00000000        0x8 ./nRF_SoftDevice/softdevice_handler.o
[...]
Memory Configuration

Name             Origin             Length             Attributes
FLASH            0x0001b000         0x00025000         xr
RAM              0x20002000         0x00002000         xrw
*default*        0x00000000         0xffffffff

Linker script and memory map


.text           0x0001b000     0x51a0
 *(.isr_vector)
 .isr_vector    0x0001b000       0xc0 ./Source Files/gcc_startup_nrf51.o
                0x0001b000                __isr_vector
 *(.text*)
 .text          0x0001b0c0       0x60 /opt/nRF5_SDK_12.3.0_d7731ad/gcc-arm-none-eabi-4_9-2015q3/bin/../lib/gcc/arm-none-eabi/4.9.3/armv6-m/crtbegin.o
 .text          0x0001b120       0x78 /opt/nRF5_SDK_12.3.0_d7731ad/gcc-arm-none-eabi-4_9-2015q3/bin/../lib/gcc/arm-none-eabi/4.9.3/../../../../arm-none-eabi/lib/armv6-m/crt0.o
                0x0001b120                _mainCRTStartup
                0x0001b120                _start
 .text.NVIC_EnableIRQ
                0x0001b198       0x2c ./nRF_SoftDevice/softdevice_handler.o
 .text.NVIC_DisableIRQ
                0x0001b1c4       0x2c ./nRF_SoftDevice/softdevice_handler.o
 .text.NVIC_GetPriority
                0x0001b1f0       0x78 ./nRF_SoftDevice/softdevice_handler.o
 .text.sd_evt_get
                0x0001b268        0x8 ./nRF_SoftDevice/softdevice_handler.o
 .text.sd_softdevice_enable
                0x0001b270        0x8 ./nRF_SoftDevice/softdevice_handler.o
 .text.is_word_aligned
                0x0001b278       0x1c ./nRF_SoftDevice/softdevice_handler.o
 .text.sd_ble_enable
                0x0001b294        0x8 ./nRF_SoftDevice/softdevice_handler.o
 .text.sd_ble_evt_get
                0x0001b29c        0x8 ./nRF_SoftDevice/softdevice_handler.o
 .text.__sd_nvic_app_accessible_irq
                0x0001b2a4       0x3c ./nRF_SoftDevice/softdevice_handler.o
 .text.__sd_nvic_is_app_accessible_priority
                0x0001b2e0       0x2c ./nRF_SoftDevice/softdevice_handler.o
 .text.sd_nvic_EnableIRQ
                0x0001b30c       0x98 ./nRF_SoftDevice/softdevice_handler.o
 .text.nrf_drv_common_irq_enable_check
                0x0001b3a4       0x40 ./nRF_SoftDevice/softdevice_handler.o
 .text.softdevice_fault_handler
                0x0001b3e4       0x24 ./nRF_SoftDevice/softdevice_handler.o
                0x0001b3e4                softdevice_fault_handler
 .text.intern_softdevice_events_execute
                0x0001b408      0x124 ./nRF_SoftDevice/softdevice_handler.o
                0x0001b408                intern_softdevice_events_execute
 .text.softdevice_handler_is_enabled
                0x0001b52c       0x14 ./nRF_SoftDevice/softdevice_handler.o
                0x0001b52c                softdevice_handler_is_enabled
 .text.softdevice_handler_init
                0x0001b540       0xc0 ./nRF_SoftDevice/softdevice_handler.o
                0x0001b540                softdevice_handler_init
 .text.softdevice_ble_evt_handler_set
                0x0001b600       0x28 ./nRF_SoftDevice/softdevice_handler.o
                0x0001b600                softdevice_ble_evt_handler_set
 .text.SWI2_IRQHandler
                0x0001b628       0x3c ./nRF_SoftDevice/softdevice_handler.o
                0x0001b628                SWI2_IRQHandler
 .text.softdevice_enable_get_default_config
                0x0001b664       0x60 ./nRF_SoftDevice/softdevice_handler.o
                0x0001b664                softdevice_enable_get_default_config
 .text.softdevice_enable
                0x0001b6c4       0x34 ./nRF_SoftDevice/softdevice_handler.o
                0x0001b6c4                softdevice_enable
 .text.detection_delay_timeout_handler
                0x0001b6f8       0xe4 ./nRF_Libraries/app_button.o
 .text.gpiote_event_handler
                0x0001b7dc       0xa4 ./nRF_Libraries/app_button.o
 .text.app_button_init
                0x0001b880      0x10c ./nRF_Libraries/app_button.o
                0x0001b880                app_button_init
 .text.app_button_enable
                0x0001b98c       0x44 ./nRF_Libraries/app_button.o
                0x0001b98c                app_button_enable
 .text.app_button_disable
                0x0001b9d0       0x50 ./nRF_Libraries/app_button.o
                0x0001b9d0                app_button_disable
 .text.app_error_handler_bare
                0x0001ba20       0x3c ./nRF_Libraries/app_error.o
                0x0001ba20                app_error_handler_bare
 .text.NVIC_SystemReset
                0x0001ba5c       0x20 ./nRF_Libraries/app_error_weak.o
 .text.app_error_fault_handler
                0x0001ba7c       0x18 ./nRF_Libraries/app_error_weak.o
                0x0001ba7c                app_error_fault_handler
 .text.NVIC_EnableIRQ
                0x0001ba94       0x2c ./nRF_Libraries/app_timer.o
 .text.NVIC_DisableIRQ
                0x0001bac0       0x2c ./nRF_Libraries/app_timer.o
 .text.NVIC_SetPendingIRQ
                0x0001baec       0x2c ./nRF_Libraries/app_timer.o
 .text.NVIC_ClearPendingIRQ
                0x0001bb18       0x2c ./nRF_Libraries/app_timer.o
 .text.NVIC_SetPriority
                0x0001bb44       0xd4 ./nRF_Libraries/app_timer.o
 .text.is_word_aligned
                0x0001bc18       0x1c ./nRF_Libraries/app_timer.o
 .text.nrf_delay_us
                0x0001bc34       0x44 ./nRF_Libraries/app_timer.o
 .text.rtc1_init
                0x0001bc78       0x24 ./nRF_Libraries/app_timer.o
 .text.rtc1_start
                0x0001bc9c       0x48 ./nRF_Libraries/app_timer.o
 .text.rtc1_stop
                0x0001bce4       0x58 ./nRF_Libraries/app_timer.o
 .text.rtc1_counter_get
                0x0001bd3c       0x18 ./nRF_Libraries/app_timer.o
 .text.ticks_diff_get
                0x0001bd54       0x1c ./nRF_Libraries/app_timer.o
 .text.rtc1_compare0_set
                0x0001bd70       0x1c ./nRF_Libraries/app_timer.o
 .text.timer_list_insert
                0x0001bd8c       0xb0 ./nRF_Libraries/app_timer.o
 .text.timer_list_remove
                0x0001be3c       0xa0 ./nRF_Libraries/app_timer.o
 .text.timer_timeouts_check_sched
                0x0001bedc       0x10 ./nRF_Libraries/app_timer.o
 .text.timer_list_handler_sched
                0x0001beec       0x10 ./nRF_Libraries/app_timer.o
 .text.timeout_handler_exec
                0x0001befc       0x54 ./nRF_Libraries/app_timer.o
 .text.timer_timeouts_check
                0x0001bf50       0xc8 ./nRF_Libraries/app_timer.o
 .text.elapsed_ticks_acquire
                0x0001c018       0x7c ./nRF_Libraries/app_timer.o
 .text.list_deletions_handler
                0x0001c094       0xb8 ./nRF_Libraries/app_timer.o
 .text.expired_timers_handler
                0x0001c14c       0x98 ./nRF_Libraries/app_timer.o
 .text.list_insertions_handler
                0x0001c1e4      0x160 ./nRF_Libraries/app_timer.o
 .text.compare_reg_update
                0x0001c344       0xc4 ./nRF_Libraries/app_timer.o
 .text.timer_list_handler
                0x0001c408       0x94 ./nRF_Libraries/app_timer.o
 .text.user_op_enque
                0x0001c49c       0x20 ./nRF_Libraries/app_timer.o
 .text.user_op_alloc
                0x0001c4bc       0x6c ./nRF_Libraries/app_timer.o
 .text.timer_start_op_schedule
                0x0001c528       0x94 ./nRF_Libraries/app_timer.o
 .text.timer_stop_op_schedule
                0x0001c5bc       0x78 ./nRF_Libraries/app_timer.o
 .text.RTC1_IRQHandler
                0x0001c634       0x4c ./nRF_Libraries/app_timer.o
                0x0001c634                RTC1_IRQHandler
 .text.SWI0_IRQHandler
                0x0001c680        0xc ./nRF_Libraries/app_timer.o
                0x0001c680                SWI0_IRQHandler
 .text.app_timer_init
                0x0001c68c       0xb8 ./nRF_Libraries/app_timer.o
                0x0001c68c                app_timer_init
 .text.app_timer_create
                0x0001c744       0x6c ./nRF_Libraries/app_timer.o
                0x0001c744                app_timer_create
 .text.app_timer_start
                0x0001c7b0       0x68 ./nRF_Libraries/app_timer.o
                0x0001c7b0                app_timer_start
 .text.app_timer_stop
                0x0001c818       0x48 ./nRF_Libraries/app_timer.o
                0x0001c818                app_timer_stop
 .text.__sd_nvic_irq_disable
                0x0001c860       0x1c ./nRF_Libraries/app_util_platform.o
 .text.__sd_nvic_irq_enable
                0x0001c87c        0xc ./nRF_Libraries/app_util_platform.o
 .text.sd_nvic_critical_region_enter
                0x0001c888       0x64 ./nRF_Libraries/app_util_platform.o
 .text.sd_nvic_critical_region_exit
                0x0001c8ec       0x50 ./nRF_Libraries/app_util_platform.o
 .text.app_util_critical_region_enter
                0x0001c93c       0x18 ./nRF_Libraries/app_util_platform.o
                0x0001c93c                app_util_critical_region_enter
 .text.app_util_critical_region_exit
                0x0001c954       0x1c ./nRF_Libraries/app_util_platform.o
                0x0001c954                app_util_critical_region_exit
 .text.nrf_clock_int_disable
                0x0001c970       0x1c ./nRF_Drivers/nrf_drv_clock.o
 .text.nrf_clock_event_clear
                0x0001c98c       0x24 ./nRF_Drivers/nrf_drv_clock.o
 .text.nrf_clock_event_check
                0x0001c9b0       0x28 ./nRF_Drivers/nrf_drv_clock.o
 .text.nrf_clock_lf_src_set
                0x0001c9d8       0x24 ./nRF_Drivers/nrf_drv_clock.o
 .text.nrf_drv_common_irq_enable_check
                0x0001c9fc       0x40 ./nRF_Drivers/nrf_drv_clock.o
 .text.nrf_drv_common_power_clock_irq_init
                0x0001ca3c       0x24 ./nRF_Drivers/nrf_drv_clock.o
 .text.nrf_drv_clock_init
                0x0001ca60       0x60 ./nRF_Drivers/nrf_drv_clock.o
                0x0001ca60                nrf_drv_clock_init
 .text.item_dequeue
                0x0001cac0       0x28 ./nRF_Drivers/nrf_drv_clock.o
 .text.clock_clk_started_notify
                0x0001cae8       0x50 ./nRF_Drivers/nrf_drv_clock.o
 .text.POWER_CLOCK_IRQHandler
                0x0001cb38       0x60 ./nRF_Drivers/nrf_drv_clock.o
                0x0001cb38                POWER_CLOCK_IRQHandler
 .text.nrf_drv_clock_on_soc_event
                0x0001cb98       0x1c ./nRF_Drivers/nrf_drv_clock.o
                0x0001cb98                nrf_drv_clock_on_soc_event
 .text.nrf_drv_clock_on_sd_enable
                0x0001cbb4       0x4c ./nRF_Drivers/nrf_drv_clock.o
                0x0001cbb4                nrf_drv_clock_on_sd_enable
 .text.NVIC_EnableIRQ
                0x0001cc00       0x2c ./nRF_Drivers/nrf_drv_common.o
 .text.NVIC_ClearPendingIRQ
                0x0001cc2c       0x2c ./nRF_Drivers/nrf_drv_common.o
 .text.NVIC_SetPriority
                0x0001cc58       0xd4 ./nRF_Drivers/nrf_drv_common.o
 .text.nrf_drv_common_irq_enable
                0x0001cd2c       0x44 ./nRF_Drivers/nrf_drv_common.o
                0x0001cd2c                nrf_drv_common_irq_enable
 .text.nrf_gpiote_event_is_set
                0x0001cd70       0x2c ./nRF_Drivers/nrf_drv_gpiote.o
 .text.nrf_gpiote_event_clear
                0x0001cd9c       0x24 ./nRF_Drivers/nrf_drv_gpiote.o
 .text.nrf_gpiote_event_addr_get
                0x0001cdc0       0x24 ./nRF_Drivers/nrf_drv_gpiote.o
 .text.nrf_gpiote_int_enable
                0x0001cde4       0x1c ./nRF_Drivers/nrf_drv_gpiote.o
 .text.nrf_gpiote_int_disable
                0x0001ce00       0x1c ./nRF_Drivers/nrf_drv_gpiote.o
 .text.nrf_gpiote_int_is_enabled
                0x0001ce1c       0x20 ./nRF_Drivers/nrf_drv_gpiote.o
 .text.nrf_gpiote_event_enable
                0x0001ce3c       0x30 ./nRF_Drivers/nrf_drv_gpiote.o
 .text.nrf_gpiote_event_disable
                0x0001ce6c       0x30 ./nRF_Drivers/nrf_drv_gpiote.o
 .text.nrf_gpiote_event_configure
                0x0001ce9c       0x6c ./nRF_Drivers/nrf_drv_gpiote.o
 .text.nrf_gpiote_event_pin_get
                0x0001cf08       0x28 ./nRF_Drivers/nrf_drv_gpiote.o
 .text.nrf_gpiote_event_polarity_get
                0x0001cf30       0x2c ./nRF_Drivers/nrf_drv_gpiote.o
 .text.nrf_gpio_pin_port_decode
                0x0001cf5c       0x14 ./nRF_Drivers/nrf_drv_gpiote.o
 .text.nrf_gpio_cfg
                0x0001cf70       0x68 ./nRF_Drivers/nrf_drv_gpiote.o
 .text.nrf_gpio_cfg_input
                0x0001cfd8       0x30 ./nRF_Drivers/nrf_drv_gpiote.o
 .text.nrf_gpio_cfg_watcher
                0x0001d008       0x3c ./nRF_Drivers/nrf_drv_gpiote.o
 .text.nrf_gpio_cfg_sense_set
                0x0001d044       0x60 ./nRF_Drivers/nrf_drv_gpiote.o
 .text.nrf_gpio_pin_read
                0x0001d0a4       0x30 ./nRF_Drivers/nrf_drv_gpiote.o
 .text.nrf_gpio_pin_sense_get
                0x0001d0d4       0x34 ./nRF_Drivers/nrf_drv_gpiote.o
 .text.nrf_gpio_port_in_read
                0x0001d108       0x18 ./nRF_Drivers/nrf_drv_gpiote.o
 .text.nrf_gpio_ports_read
                0x0001d120       0x54 ./nRF_Drivers/nrf_drv_gpiote.o
 .text.nrf_bitmask_bit_is_set
                0x0001d174       0x38 ./nRF_Drivers/nrf_drv_gpiote.o
 .text.nrf_bitmask_bit_set
                0x0001d1ac       0x48 ./nRF_Drivers/nrf_drv_gpiote.o
 .text.pin_in_use_by_te
                0x0001d1f4       0x48 ./nRF_Drivers/nrf_drv_gpiote.o
 .text.pin_in_use_by_port
                0x0001d23c       0x30 ./nRF_Drivers/nrf_drv_gpiote.o
 .text.pin_in_use_by_gpiote
                0x0001d26c       0x28 ./nRF_Drivers/nrf_drv_gpiote.o
 .text.pin_in_use_by_te_set
                0x0001d294       0x5c ./nRF_Drivers/nrf_drv_gpiote.o
 .text.pin_in_use_clear
                0x0001d2f0       0x20 ./nRF_Drivers/nrf_drv_gpiote.o
 .text.channel_port_get
                0x0001d310       0x24 ./nRF_Drivers/nrf_drv_gpiote.o
 .text.channel_handler_get
                0x0001d334       0x1c ./nRF_Drivers/nrf_drv_gpiote.o
 .text.channel_port_alloc
                0x0001d350       0x84 ./nRF_Drivers/nrf_drv_gpiote.o
 .text.channel_free
                0x0001d3d4       0x40 ./nRF_Drivers/nrf_drv_gpiote.o
 .text.nrf_drv_gpiote_init
                0x0001d414       0x98 ./nRF_Drivers/nrf_drv_gpiote.o
                0x0001d414                nrf_drv_gpiote_init
 .text.nrf_drv_gpiote_is_init
                0x0001d4ac       0x1c ./nRF_Drivers/nrf_drv_gpiote.o
                0x0001d4ac                nrf_drv_gpiote_is_init
 .text.nrf_drv_gpiote_in_init
                0x0001d4c8       0xd4 ./nRF_Drivers/nrf_drv_gpiote.o
                0x0001d4c8                nrf_drv_gpiote_in_init
 .text.nrf_drv_gpiote_in_event_enable
                0x0001d59c      0x108 ./nRF_Drivers/nrf_drv_gpiote.o
                0x0001d59c                nrf_drv_gpiote_in_event_enable
 .text.nrf_drv_gpiote_in_event_disable
                0x0001d6a4       0x54 ./nRF_Drivers/nrf_drv_gpiote.o
                0x0001d6a4                nrf_drv_gpiote_in_event_disable
 .text.nrf_drv_gpiote_in_is_set
                0x0001d6f8       0x20 ./nRF_Drivers/nrf_drv_gpiote.o
                0x0001d6f8                nrf_drv_gpiote_in_is_set
 .text.GPIOTE_IRQHandler
                0x0001d718      0x360 ./nRF_Drivers/nrf_drv_gpiote.o
                0x0001d718                GPIOTE_IRQHandler
 .text.nrf_uart_event_clear
                0x0001da78       0x20 ./nRF_Drivers/nrf_drv_uart.o
 .text.nrf_uart_event_check
                0x0001da98       0x28 ./nRF_Drivers/nrf_drv_uart.o
 .text.nrf_uart_int_enable_check
                0x0001dac0       0x24 ./nRF_Drivers/nrf_drv_uart.o
 .text.nrf_uart_int_disable
                0x0001dae4       0x1c ./nRF_Drivers/nrf_drv_uart.o
 .text.nrf_uart_errorsrc_get_and_clear
                0x0001db00       0x28 ./nRF_Drivers/nrf_drv_uart.o
 .text.nrf_uart_rxd_get
                0x0001db28       0x1c ./nRF_Drivers/nrf_drv_uart.o
 .text.nrf_uart_txd_set
                0x0001db44       0x24 ./nRF_Drivers/nrf_drv_uart.o
 .text.nrf_uart_task_trigger
                0x0001db68       0x20 ./nRF_Drivers/nrf_drv_uart.o
 .text.tx_byte  0x0001db88       0x50 ./nRF_Drivers/nrf_drv_uart.o
 .text.rx_byte  0x0001dbd8       0x64 ./nRF_Drivers/nrf_drv_uart.o
 .text.rx_done_event
                0x0001dc3c       0x48 ./nRF_Drivers/nrf_drv_uart.o
 .text.tx_done_event
                0x0001dc84       0x48 ./nRF_Drivers/nrf_drv_uart.o
 .text.uart_irq_handler
                0x0001dccc      0x224 ./nRF_Drivers/nrf_drv_uart.o
 .text.UART0_IRQHandler
                0x0001def0       0x1c ./nRF_Drivers/nrf_drv_uart.o
                0x0001def0                UART0_IRQHandler
 .text.sd_ble_gatts_service_add
                0x0001df0c        0x8 ./nRF_BLE_Services/ble_lbs.o
 .text.sd_ble_gatts_characteristic_add
                0x0001df14        0x8 ./nRF_BLE_Services/ble_lbs.o
 .text.sd_ble_gatts_hvx
                0x0001df1c        0x8 ./nRF_BLE_Services/ble_lbs.o
 .text.sd_ble_uuid_vs_add
                0x0001df24        0x8 ./nRF_BLE_Services/ble_lbs.o
 .text.on_connect
                0x0001df2c       0x18 ./nRF_BLE_Services/ble_lbs.o
 .text.on_disconnect
                0x0001df44       0x18 ./nRF_BLE_Services/ble_lbs.o
 .text.on_write
                0x0001df5c       0x44 ./nRF_BLE_Services/ble_lbs.o
 .text.ble_lbs_on_ble_evt
                0x0001dfa0       0x4c ./nRF_BLE_Services/ble_lbs.o
                0x0001dfa0                ble_lbs_on_ble_evt
 .text.led_char_add
                0x0001dfec      0x15c ./nRF_BLE_Services/ble_lbs.o
 .text.button_char_add
                0x0001e148      0x1b8 ./nRF_BLE_Services/ble_lbs.o
 .text.ble_lbs_init
                0x0001e300       0xc4 ./nRF_BLE_Services/ble_lbs.o
                0x0001e300                ble_lbs_init
 .text.ble_lbs_on_button_change
                0x0001e3c4       0x64 ./nRF_BLE_Services/ble_lbs.o
                0x0001e3c4                ble_lbs_on_button_change
 .text.sd_ble_gap_address_get
                0x0001e428        0x8 ./nRF_BLE/ble_advdata.o
 .text.sd_ble_gap_adv_data_set
                0x0001e430        0x8 ./nRF_BLE/ble_advdata.o
 .text.sd_ble_gap_appearance_get
                0x0001e438        0x8 ./nRF_BLE/ble_advdata.o
 .text.sd_ble_gap_device_name_get
                0x0001e440        0x8 ./nRF_BLE/ble_advdata.o
 .text.sd_ble_uuid_encode
                0x0001e448        0x8 ./nRF_BLE/ble_advdata.o
 .text.uint16_encode
                0x0001e450       0x34 ./nRF_BLE/ble_advdata.o
 .text.ble_device_addr_encode
                0x0001e484       0xd4 ./nRF_BLE/ble_advdata.o
 .text.name_encode
                0x0001e558      0x164 ./nRF_BLE/ble_advdata.o
 .text.appearance_encode
                0x0001e6bc       0xa0 ./nRF_BLE/ble_advdata.o
 .text.flags_encode
                0x0001e75c       0x8c ./nRF_BLE/ble_advdata.o
 .text.tx_power_level_encode
                0x0001e7e8       0x8c ./nRF_BLE/ble_advdata.o
 .text.uuid_list_sized_encode
                0x0001e874      0x1a0 ./nRF_BLE/ble_advdata.o
 .text.uuid_list_encode
                0x0001ea14       0x88 ./nRF_BLE/ble_advdata.o
 .text.conn_int_check
                0x0001ea9c       0x80 ./nRF_BLE/ble_advdata.o
 .text.conn_int_encode
                0x0001eb1c       0xc8 ./nRF_BLE/ble_advdata.o
 .text.manuf_specific_data_encode
                0x0001ebe4       0xe8 ./nRF_BLE/ble_advdata.o
 .text.service_data_encode
                0x0001eccc      0x11c ./nRF_BLE/ble_advdata.o
 .text.adv_data_encode
                0x0001ede8      0x218 ./nRF_BLE/ble_advdata.o
                0x0001ede8                adv_data_encode
 .text.advdata_check
                0x0001f000       0x24 ./nRF_BLE/ble_advdata.o
 .text.srdata_check
                0x0001f024       0x20 ./nRF_BLE/ble_advdata.o
 .text.ble_advdata_set
                0x0001f044       0xe0 ./nRF_BLE/ble_advdata.o
                0x0001f044                ble_advdata_set
 .text.sd_ble_gap_conn_param_update
                0x0001f124        0x8 ./nRF_BLE/ble_conn_params.o
 .text.sd_ble_gap_disconnect
                0x0001f12c        0x8 ./nRF_BLE/ble_conn_params.o
 .text.sd_ble_gap_ppcp_set
                0x0001f134        0x8 ./nRF_BLE/ble_conn_params.o
 .text.sd_ble_gap_ppcp_get
                0x0001f13c        0x8 ./nRF_BLE/ble_conn_params.o
 .text.is_conn_params_ok
                0x0001f144       0x34 ./nRF_BLE/ble_conn_params.o
 .text.update_timeout_handler
                0x0001f178       0xc4 ./nRF_BLE/ble_conn_params.o
 .text.ble_conn_params_init
                0x0001f23c       0xac ./nRF_BLE/ble_conn_params.o
                0x0001f23c                ble_conn_params_init
 .text.conn_params_negotiation
                0x0001f2e8       0xbc ./nRF_BLE/ble_conn_params.o
 .text.on_connect
                0x0001f3a4       0x44 ./nRF_BLE/ble_conn_params.o
 .text.on_disconnect
                0x0001f3e8       0x50 ./nRF_BLE/ble_conn_params.o
 .text.on_write
                0x0001f438       0x68 ./nRF_BLE/ble_conn_params.o
 .text.on_conn_params_update
                0x0001f4a0       0x20 ./nRF_BLE/ble_conn_params.o
 .text.ble_conn_params_on_ble_evt
                0x0001f4c0       0x50 ./nRF_BLE/ble_conn_params.o
                0x0001f4c0                ble_conn_params_on_ble_evt
 .text.uint16_decode
                0x0001f510       0x28 ./nRF_BLE/ble_srv_common.o
 .text.ble_srv_is_notification_enabled
                0x0001f538       0x30 ./nRF_BLE/ble_srv_common.o
                0x0001f538                ble_srv_is_notification_enabled
 .text          0x0001f568       0x4c ./Source Files/gcc_startup_nrf51.o
                0x0001f568                Reset_Handler
                0x0001f5a8                NMI_Handler
                0x0001f5aa                HardFault_Handler
                0x0001f5ac                SVC_Handler
                0x0001f5ae                PendSV_Handler
                0x0001f5b0                SysTick_Handler
                0x0001f5b2                TIMER2_IRQHandler
                0x0001f5b2                SPI0_TWI0_IRQHandler
                0x0001f5b2                RTC0_IRQHandler
                0x0001f5b2                RADIO_IRQHandler
                0x0001f5b2                LPCOMP_IRQHandler
                0x0001f5b2                SWI4_IRQHandler
                0x0001f5b2                TEMP_IRQHandler
                0x0001f5b2                QDEC_IRQHandler
                0x0001f5b2                SWI5_IRQHandler
                0x0001f5b2                TIMER0_IRQHandler
                0x0001f5b2                TIMER1_IRQHandler
                0x0001f5b2                ECB_IRQHandler
                0x0001f5b2                Default_Handler
                0x0001f5b2                ADC_IRQHandler
                0x0001f5b2                SWI3_IRQHandler
                0x0001f5b2                CCM_AAR_IRQHandler
                0x0001f5b2                WDT_IRQHandler
                0x0001f5b2                RNG_IRQHandler
                0x0001f5b2                SPI1_TWI1_IRQHandler
                0x0001f5b2                SWI1_IRQHandler
 .text.sd_ble_gap_adv_start
                0x0001f5b4        0x8 ./Source Files/main.o
 .text.sd_ble_gap_disconnect
                0x0001f5bc        0x8 ./Source Files/main.o
 .text.sd_ble_gap_ppcp_set
                0x0001f5c4        0x8 ./Source Files/main.o
 .text.sd_ble_gap_device_name_set
                0x0001f5cc        0x8 ./Source Files/main.o
 .text.sd_ble_gap_sec_params_reply
                0x0001f5d4        0x8 ./Source Files/main.o
 .text.sd_ble_gatts_rw_authorize_reply
                0x0001f5dc        0x8 ./Source Files/main.o
 .text.sd_ble_gatts_sys_attr_set
                0x0001f5e4        0x8 ./Source Files/main.o
 .text.sd_ble_user_mem_reply
                0x0001f5ec        0x8 ./Source Files/main.o
 .text.sd_app_evt_wait
                0x0001f5f4        0x8 ./Source Files/main.o
 .text.leds_init
                0x0001f5fc        0xc ./Source Files/main.o
 .text.timers_init
                0x0001f608       0x34 ./Source Files/main.o
 .text.gap_params_init
                0x0001f63c       0xa4 ./Source Files/main.o
 .text.advertising_init
                0x0001f6e0       0xa0 ./Source Files/main.o
 .text.led_write_handler
                0x0001f780       0x2c ./Source Files/main.o
 .text.services_init
                0x0001f7ac       0x3c ./Source Files/main.o
 .text.on_conn_params_evt
                0x0001f7e8       0x3c ./Source Files/main.o
 .text.conn_params_error_handler
                0x0001f824       0x18 ./Source Files/main.o
 .text.conn_params_init
                0x0001f83c       0x74 ./Source Files/main.o
 .text.advertising_start
                0x0001f8b0       0x5c ./Source Files/main.o
 .text.on_ble_evt
                0x0001f90c      0x1f8 ./Source Files/main.o
 .text.ble_evt_dispatch
                0x0001fb04       0x30 ./Source Files/main.o
 .text.ble_stack_init
                0x0001fb34       0xb4 ./Source Files/main.o
 .text.button_event_handler
                0x0001fbe8       0x70 ./Source Files/main.o
 .text.buttons_init
                0x0001fc58       0x38 ./Source Files/main.o
 .text.power_manage
                0x0001fc90       0x28 ./Source Files/main.o
 .text.main     0x0001fcb8       0x48 ./Source Files/main.o
                0x0001fcb8                main
 .text.SystemInit
                0x0001fd00       0x70 ./Source Files/system_nrf51.o
                0x0001fd00                SystemInit
 .text.is_manual_peripheral_setup_needed
                0x0001fd70       0x80 ./Source Files/system_nrf51.o
 .text.is_disabled_in_debug_needed
                0x0001fdf0       0x4c ./Source Files/system_nrf51.o
 .text.is_peripheral_domain_setup_needed
                0x0001fe3c       0x68 ./Source Files/system_nrf51.o
 .text.nrf_gpio_pin_port_decode
                0x0001fea4       0x14 ./Board Definition/boards.o
 .text.nrf_gpio_cfg
                0x0001feb8       0x68 ./Board Definition/boards.o
 .text.nrf_gpio_cfg_output
                0x0001ff20       0x24 ./Board Definition/boards.o
 .text.nrf_gpio_pin_set
                0x0001ff44       0x2c ./Board Definition/boards.o
 .text.nrf_gpio_pin_clear
                0x0001ff70       0x2c ./Board Definition/boards.o
 .text.nrf_gpio_pin_write
                0x0001ff9c       0x28 ./Board Definition/boards.o
 .text.nrf_gpio_port_out_set
                0x0001ffc4       0x1c ./Board Definition/boards.o
 .text.nrf_gpio_port_out_clear
                0x0001ffe0       0x1c ./Board Definition/boards.o
 .text.bsp_board_led_on
                0x0001fffc       0x24 ./Board Definition/boards.o
                0x0001fffc                bsp_board_led_on
 .text.bsp_board_led_off
                0x00020020       0x24 ./Board Definition/boards.o
                0x00020020                bsp_board_led_off
 .text.bsp_board_leds_off
                0x00020044       0x28 ./Board Definition/boards.o
                0x00020044                bsp_board_leds_off
 .text.bsp_board_leds_init
                0x0002006c       0x34 ./Board Definition/boards.o
                0x0002006c                bsp_board_leds_init
 .text.exit     0x000200a0       0x2c /opt/nRF5_SDK_12.3.0_d7731ad/gcc-arm-none-eabi-4_9-2015q3/bin/../lib/gcc/arm-none-eabi/4.9.3/../../../../arm-none-eabi/lib/armv6-m/libg_nano.a(lib_a-exit.o)
                0x000200a0                exit
 .text.__libc_init_array
                0x000200cc       0x4c /opt/nRF5_SDK_12.3.0_d7731ad/gcc-arm-none-eabi-4_9-2015q3/bin/../lib/gcc/arm-none-eabi/4.9.3/../../../../arm-none-eabi/lib/armv6-m/libg_nano.a(lib_a-init.o)
                0x000200cc                __libc_init_array
 .text.memcpy   0x00020118       0x12 /opt/nRF5_SDK_12.3.0_d7731ad/gcc-arm-none-eabi-4_9-2015q3/bin/../lib/gcc/arm-none-eabi/4.9.3/../../../../arm-none-eabi/lib/armv6-m/libg_nano.a(lib_a-memcpy.o)
                0x00020118                memcpy
 .text.memset   0x0002012a       0x10 /opt/nRF5_SDK_12.3.0_d7731ad/gcc-arm-none-eabi-4_9-2015q3/bin/../lib/gcc/arm-none-eabi/4.9.3/../../../../arm-none-eabi/lib/armv6-m/libg_nano.a(lib_a-memset.o)
                0x0002012a                memset
 .text.strlen   0x0002013a        0xe /opt/nRF5_SDK_12.3.0_d7731ad/gcc-arm-none-eabi-4_9-2015q3/bin/../lib/gcc/arm-none-eabi/4.9.3/../../../../arm-none-eabi/lib/armv6-m/libg_nano.a(lib_a-strlen.o)
                0x0002013a                strlen
 .text._exit    0x00020148        0x4 /opt/nRF5_SDK_12.3.0_d7731ad/gcc-arm-none-eabi-4_9-2015q3/bin/../lib/gcc/arm-none-eabi/4.9.3/../../../../arm-none-eabi/lib/armv6-m/libnosys.a(_exit.o)
                0x00020148                _exit
 *(.init)
 .init          0x0002014c        0x4 /opt/nRF5_SDK_12.3.0_d7731ad/gcc-arm-none-eabi-4_9-2015q3/bin/../lib/gcc/arm-none-eabi/4.9.3/armv6-m/crti.o
                0x0002014c                _init
 .init          0x00020150        0x8 /opt/nRF5_SDK_12.3.0_d7731ad/gcc-arm-none-eabi-4_9-2015q3/bin/../lib/gcc/arm-none-eabi/4.9.3/armv6-m/crtn.o
 *(.fini)
 .fini          0x00020158        0x4 /opt/nRF5_SDK_12.3.0_d7731ad/gcc-arm-none-eabi-4_9-2015q3/bin/../lib/gcc/arm-none-eabi/4.9.3/armv6-m/crti.o
                0x00020158                _fini
 .fini          0x0002015c        0x8 /opt/nRF5_SDK_12.3.0_d7731ad/gcc-arm-none-eabi-4_9-2015q3/bin/../lib/gcc/arm-none-eabi/4.9.3/armv6-m/crtn.o
 *crtbegin.o(.ctors)
 *crtbegin?.o(.ctors)
 *(EXCLUDE_FILE(*crtend.o *crtend?.o) .ctors)
 *(SORT(.ctors.*))
 *(.ctors)
 *crtbegin.o(.dtors)
 *crtbegin?.o(.dtors)
 *(EXCLUDE_FILE(*crtend.o *crtend?.o) .dtors)
 *(SORT(.dtors.*))
 *(.dtors)
 *(.rodata*)
 .rodata.m_detection_delay_timer_id
                0x00020164        0x4 ./nRF_Libraries/app_button.o
 .rodata        0x00020168       0x10 ./nRF_BLE_Services/ble_lbs.o
 .rodata.m_conn_params_timer_id
                0x00020178        0x4 ./nRF_BLE/ble_conn_params.o
 .rodata        0x0002017c       0x14 ./Source Files/main.o
 .rodata.m_board_led_list
                0x00020190        0x5 ./Board Definition/boards.o
 .rodata.str1.1
                0x00020195        0x2 /opt/nRF5_SDK_12.3.0_d7731ad/gcc-arm-none-eabi-4_9-2015q3/bin/../lib/gcc/arm-none-eabi/4.9.3/../../../../arm-none-eabi/lib/armv6-m/libg_nano.a(lib_a-impure.o)
 *fill*         0x00020197        0x1 
 .rodata._global_impure_ptr
                0x00020198        0x4 /opt/nRF5_SDK_12.3.0_d7731ad/gcc-arm-none-eabi-4_9-2015q3/bin/../lib/gcc/arm-none-eabi/4.9.3/../../../../arm-none-eabi/lib/armv6-m/libg_nano.a(lib_a-impure.o)
                0x00020198                _global_impure_ptr
 *(.eh_frame*)
 .eh_frame      0x0002019c        0x0 /opt/nRF5_SDK_12.3.0_d7731ad/gcc-arm-none-eabi-4_9-2015q3/bin/../lib/gcc/arm-none-eabi/4.9.3/armv6-m/crtbegin.o
 .eh_frame      0x0002019c        0x4 /opt/nRF5_SDK_12.3.0_d7731ad/gcc-arm-none-eabi-4_9-2015q3/bin/../lib/gcc/arm-none-eabi/4.9.3/armv6-m/crtend.o

.glue_7         0x000201a0        0x0
 .glue_7        0x00000000        0x0 linker stubs

.glue_7t        0x000201a0        0x0
 .glue_7t       0x00000000        0x0 linker stubs

.vfp11_veneer   0x000201a0        0x0
 .vfp11_veneer  0x00000000        0x0 linker stubs

.v4_bx          0x000201a0        0x0
 .v4_bx         0x00000000        0x0 linker stubs

.iplt           0x000201a0        0x0
 .iplt          0x00000000        0x0 /opt/nRF5_SDK_12.3.0_d7731ad/gcc-arm-none-eabi-4_9-2015q3/bin/../lib/gcc/arm-none-eabi/4.9.3/armv6-m/crtbegin.o

.ARM.extab
 *(.ARM.extab* .gnu.linkonce.armextab.*)
                0x000201a0                __exidx_start = .

.ARM.exidx      0x000201a0        0x8
 *(.ARM.exidx* .gnu.linkonce.armexidx.*)
 .ARM.exidx     0x000201a0        0x8 /opt/nRF5_SDK_12.3.0_d7731ad/gcc-arm-none-eabi-4_9-2015q3/bin/../lib/gcc/arm-none-eabi/4.9.3/../../../../arm-none-eabi/lib/armv6-m/crt0.o
                0x000201a8                __exidx_end = .
                0x000201a8                __etext = .

.rel.dyn        0x000201a8        0x0
 .rel.iplt      0x00000000        0x0 /opt/nRF5_SDK_12.3.0_d7731ad/gcc-arm-none-eabi-4_9-2015q3/bin/../lib/gcc/arm-none-eabi/4.9.3/armv6-m/crtbegin.o

.data           0x20002000       0x7c load address 0x000201a8
                0x20002000                __data_start__ = .
 *(vtable)
 *(.data*)
 .data.m_conn_handle
                0x20002000        0x2 ./Source Files/main.o
 *fill*         0x20002002        0x2 
 .data.buttons.8341
                0x20002004        0x8 ./Source Files/main.o
 .data.SystemCoreClock
                0x2000200c        0x4 ./Source Files/system_nrf51.o
                0x2000200c                SystemCoreClock
 .data.impure_data
                0x20002010       0x60 /opt/nRF5_SDK_12.3.0_d7731ad/gcc-arm-none-eabi-4_9-2015q3/bin/../lib/gcc/arm-none-eabi/4.9.3/../../../../arm-none-eabi/lib/armv6-m/libg_nano.a(lib_a-impure.o)
                0x20002070                . = ALIGN (0x4)
                0x20002070                PROVIDE (__preinit_array_start, .)
 *(.preinit_array)
                0x20002070                PROVIDE (__preinit_array_end, .)
                0x20002070                . = ALIGN (0x4)
                0x20002070                PROVIDE (__init_array_start, .)
 *(SORT(.init_array.*))
 *(.init_array)
 .init_array    0x20002070        0x4 /opt/nRF5_SDK_12.3.0_d7731ad/gcc-arm-none-eabi-4_9-2015q3/bin/../lib/gcc/arm-none-eabi/4.9.3/armv6-m/crtbegin.o
                0x20002074                PROVIDE (__init_array_end, .)
                0x20002074                . = ALIGN (0x4)
                0x20002074                PROVIDE (__fini_array_start, .)
 *(SORT(.fini_array.*))
 *(.fini_array)
 .fini_array    0x20002074        0x4 /opt/nRF5_SDK_12.3.0_d7731ad/gcc-arm-none-eabi-4_9-2015q3/bin/../lib/gcc/arm-none-eabi/4.9.3/armv6-m/crtbegin.o
                0x20002078                PROVIDE (__fini_array_end, .)
 *(.jcr*)
 .jcr           0x20002078        0x0 /opt/nRF5_SDK_12.3.0_d7731ad/gcc-arm-none-eabi-4_9-2015q3/bin/../lib/gcc/arm-none-eabi/4.9.3/armv6-m/crtbegin.o
 .jcr           0x20002078        0x4 /opt/nRF5_SDK_12.3.0_d7731ad/gcc-arm-none-eabi-4_9-2015q3/bin/../lib/gcc/arm-none-eabi/4.9.3/armv6-m/crtend.o
                0x2000207c                . = ALIGN (0x4)
                0x2000207c                __data_end__ = .
LOAD /opt/nRF5_SDK_12.3.0_d7731ad/gcc-arm-none-eabi-4_9-2015q3/bin/../lib/gcc/arm-none-eabi/4.9.3/armv6-m/crti.o
LOAD /opt/nRF5_SDK_12.3.0_d7731ad/gcc-arm-none-eabi-4_9-2015q3/bin/../lib/gcc/arm-none-eabi/4.9.3/armv6-m/crtbegin.o
LOAD /opt/nRF5_SDK_12.3.0_d7731ad/gcc-arm-none-eabi-4_9-2015q3/bin/../lib/gcc/arm-none-eabi/4.9.3/../../../../arm-none-eabi/lib/armv6-m/crt0.o
LOAD ./nRF_SoftDevice/softdevice_handler.o
LOAD ./nRF_Segger_RTT/RTT_Syscalls_GCC.o
LOAD ./nRF_Segger_RTT/SEGGER_RTT.o
LOAD ./nRF_Segger_RTT/SEGGER_RTT_printf.o
LOAD ./nRF_Log/nrf_log_backend_serial.o
LOAD ./nRF_Log/nrf_log_frontend.o
LOAD ./nRF_Libraries/app_button.o
LOAD ./nRF_Libraries/app_error.o
LOAD ./nRF_Libraries/app_error_weak.o
LOAD ./nRF_Libraries/app_timer.o
LOAD ./nRF_Libraries/app_util_platform.o
LOAD ./nRF_Libraries/hardfault_implementation.o
LOAD ./nRF_Libraries/nrf_assert.o
LOAD ./nRF_Libraries/sdk_errors.o
LOAD ./nRF_Drivers/nrf_drv_clock.o
LOAD ./nRF_Drivers/nrf_drv_common.o
LOAD ./nRF_Drivers/nrf_drv_gpiote.o
LOAD ./nRF_Drivers/nrf_drv_uart.o
LOAD ./nRF_BLE_Services/ble_lbs.o
LOAD ./nRF_BLE/ble_advdata.o
LOAD ./nRF_BLE/ble_conn_params.o
LOAD ./nRF_BLE/ble_srv_common.o
LOAD ./Source Files/gcc_startup_nrf51.o
LOAD ./Source Files/main.o
LOAD ./Source Files/system_nrf51.o
LOAD ./Board Support/bsp.o
LOAD ./Board Support/bsp_nfc.o
LOAD ./Board Definition/boards.o
START GROUP
LOAD /opt/nRF5_SDK_12.3.0_d7731ad/gcc-arm-none-eabi-4_9-2015q3/bin/../lib/gcc/arm-none-eabi/4.9.3/armv6-m/libgcc.a
LOAD /opt/nRF5_SDK_12.3.0_d7731ad/gcc-arm-none-eabi-4_9-2015q3/bin/../lib/gcc/arm-none-eabi/4.9.3/../../../../arm-none-eabi/lib/armv6-m/libg_nano.a
LOAD /opt/nRF5_SDK_12.3.0_d7731ad/gcc-arm-none-eabi-4_9-2015q3/bin/../lib/gcc/arm-none-eabi/4.9.3/../../../../arm-none-eabi/lib/armv6-m/libc_nano.a
END GROUP
START GROUP
LOAD /opt/nRF5_SDK_12.3.0_d7731ad/gcc-arm-none-eabi-4_9-2015q3/bin/../lib/gcc/arm-none-eabi/4.9.3/armv6-m/libgcc.a
LOAD /opt/nRF5_SDK_12.3.0_d7731ad/gcc-arm-none-eabi-4_9-2015q3/bin/../lib/gcc/arm-none-eabi/4.9.3/../../../../arm-none-eabi/lib/armv6-m/libc_nano.a
END GROUP
LOAD /opt/nRF5_SDK_12.3.0_d7731ad/gcc-arm-none-eabi-4_9-2015q3/bin/../lib/gcc/arm-none-eabi/4.9.3/armv6-m/crtend.o
LOAD /opt/nRF5_SDK_12.3.0_d7731ad/gcc-arm-none-eabi-4_9-2015q3/bin/../lib/gcc/arm-none-eabi/4.9.3/armv6-m/crtn.o
START GROUP
LOAD /opt/nRF5_SDK_12.3.0_d7731ad/gcc-arm-none-eabi-4_9-2015q3/bin/../lib/gcc/arm-none-eabi/4.9.3/armv6-m/libgcc.a
LOAD /opt/nRF5_SDK_12.3.0_d7731ad/gcc-arm-none-eabi-4_9-2015q3/bin/../lib/gcc/arm-none-eabi/4.9.3/../../../../arm-none-eabi/lib/armv6-m/libc.a
LOAD /opt/nRF5_SDK_12.3.0_d7731ad/gcc-arm-none-eabi-4_9-2015q3/bin/../lib/gcc/arm-none-eabi/4.9.3/../../../../arm-none-eabi/lib/armv6-m/libnosys.a
END GROUP

.igot.plt       0x2000207c        0x0 load address 0x00020224
 .igot.plt      0x00000000        0x0 /opt/nRF5_SDK_12.3.0_d7731ad/gcc-arm-none-eabi-4_9-2015q3/bin/../lib/gcc/arm-none-eabi/4.9.3/armv6-m/crtbegin.o

.fs_data        0x2000207c        0x0
                0x2000207c                PROVIDE (__start_fs_data, .)
 *(.fs_data)
                0x2000207c                PROVIDE (__stop_fs_data, .)

.pwr_mgmt_data  0x2000207c        0x0
                0x2000207c                PROVIDE (__start_pwr_mgmt_data, .)
 *(.pwr_mgmt_data)
                0x2000207c                PROVIDE (__stop_pwr_mgmt_data, .)

.bss            0x2000207c      0x23c load address 0x00020224
                0x2000207c                . = ALIGN (0x4)
                0x2000207c                __bss_start__ = .
 *(.bss*)
 .bss           0x2000207c       0x1c /opt/nRF5_SDK_12.3.0_d7731ad/gcc-arm-none-eabi-4_9-2015q3/bin/../lib/gcc/arm-none-eabi/4.9.3/armv6-m/crtbegin.o
 .bss.m_evt_schedule_func
                0x20002098        0x4 ./nRF_SoftDevice/softdevice_handler.o
 .bss.m_softdevice_enabled
                0x2000209c        0x1 ./nRF_SoftDevice/softdevice_handler.o
 .bss.m_suspended
                0x2000209d        0x1 ./nRF_SoftDevice/softdevice_handler.o
 *fill*         0x2000209e        0x2 
 .bss.mp_ble_evt_buffer
                0x200020a0        0x4 ./nRF_SoftDevice/softdevice_handler.o
 .bss.m_ble_evt_buffer_size
                0x200020a4        0x2 ./nRF_SoftDevice/softdevice_handler.o
 *fill*         0x200020a6        0x2 
 .bss.m_ble_evt_handler
                0x200020a8        0x4 ./nRF_SoftDevice/softdevice_handler.o
 .bss.m_sys_evt_handler
                0x200020ac        0x4 ./nRF_SoftDevice/softdevice_handler.o
 .bss.mp_buttons
                0x200020b0        0x4 ./nRF_Libraries/app_button.o
 .bss.m_button_count
                0x200020b4        0x1 ./nRF_Libraries/app_button.o
 *fill*         0x200020b5        0x3 
 .bss.m_detection_delay
                0x200020b8        0x4 ./nRF_Libraries/app_button.o
 .bss.m_detection_delay_timer_id_data
                0x200020bc       0x20 ./nRF_Libraries/app_button.o
 .bss.m_pin_state
                0x200020dc        0x4 ./nRF_Libraries/app_button.o
 .bss.m_pin_transition
                0x200020e0        0x4 ./nRF_Libraries/app_button.o
 .bss.m_op_queue
                0x200020e4        0x8 ./nRF_Libraries/app_timer.o
 .bss.mp_timer_id_head
                0x200020ec        0x4 ./nRF_Libraries/app_timer.o
 .bss.m_ticks_latest
                0x200020f0        0x4 ./nRF_Libraries/app_timer.o
 .bss.m_ticks_elapsed
                0x200020f4        0x8 ./nRF_Libraries/app_timer.o
 .bss.m_ticks_elapsed_q_read_ind
                0x200020fc        0x1 ./nRF_Libraries/app_timer.o
 .bss.m_ticks_elapsed_q_write_ind
                0x200020fd        0x1 ./nRF_Libraries/app_timer.o
 *fill*         0x200020fe        0x2 
 .bss.m_evt_schedule_func
                0x20002100        0x4 ./nRF_Libraries/app_timer.o
 .bss.m_rtc1_running
                0x20002104        0x1 ./nRF_Libraries/app_timer.o
 .bss.m_rtc1_reset
                0x20002105        0x1 ./nRF_Libraries/app_timer.o
 *fill*         0x20002106        0x2 
 .bss.m_clock_cb
                0x20002108       0x14 ./nRF_Drivers/nrf_drv_clock.o
 .bss.m_cb      0x2000211c       0x48 ./nRF_Drivers/nrf_drv_gpiote.o
 .bss.m_cb      0x20002164       0x1c ./nRF_Drivers/nrf_drv_uart.o
 .bss.m_conn_params_config
                0x20002180       0x1c ./nRF_BLE/ble_conn_params.o
 .bss.m_preferred_conn_params
                0x2000219c        0x8 ./nRF_BLE/ble_conn_params.o
 .bss.m_update_count
                0x200021a4        0x1 ./nRF_BLE/ble_conn_params.o
 *fill*         0x200021a5        0x1 
 .bss.m_conn_handle
                0x200021a6        0x2 ./nRF_BLE/ble_conn_params.o
 .bss.m_current_conn_params
                0x200021a8        0x8 ./nRF_BLE/ble_conn_params.o
 .bss.m_conn_params_timer_id_data
                0x200021b0       0x20 ./nRF_BLE/ble_conn_params.o
 .bss.m_change_param
                0x200021d0        0x1 ./nRF_BLE/ble_conn_params.o
 *fill*         0x200021d1        0x3 
 .bss.m_lbs     0x200021d4       0x1c ./Source Files/main.o
 .bss.APP_TIMER_BUF.8240
                0x200021f0       0x78 ./Source Files/main.o
 .bss.BLE_EVT_BUFFER.8321
                0x20002268       0x48 ./Source Files/main.o
 *(COMMON)
 COMMON         0x200022b0        0x8 ./nRF_Libraries/app_util_platform.o
                0x200022b0                nrf_nvic_state
                0x200022b8                . = ALIGN (0x4)
                0x200022b8                __bss_end__ = .

.heap           0x200022b8      0x800
                0x200022b8                __HeapBase = .
                0x200022b8                __end__ = .
                0x200022b8                PROVIDE (end, .)
 *(.heap*)
 .heap          0x200022b8      0x800 ./Source Files/gcc_startup_nrf51.o
                0x20002ab8                __HeapLimit = .

.stack_dummy    0x200022b8      0x800
 *(.stack*)
 .stack         0x200022b8      0x800 ./Source Files/gcc_startup_nrf51.o
                0x20004000                __StackTop = (ORIGIN (RAM) + 0x2000)
                0x20003800                __StackLimit = (__StackTop - SIZEOF (.stack_dummy))
                0x20004000                PROVIDE (__stack, __StackTop)
                0x00000001                ASSERT ((__StackLimit >= __HeapLimit), region RAM overflowed with stack)
OUTPUT(blinky.elf elf32-littlearm)

.ARM.attributes
                0x00000000       0x28
 .ARM.attributes
                0x00000000       0x1e /opt/nRF5_SDK_12.3.0_d7731ad/gcc-arm-none-eabi-4_9-2015q3/bin/../lib/gcc/arm-none-eabi/4.9.3/armv6-m/crti.o
 .ARM.attributes
                0x0000001e       0x2c /opt/nRF5_SDK_12.3.0_d7731ad/gcc-arm-none-eabi-4_9-2015q3/bin/../lib/gcc/arm-none-eabi/4.9.3/armv6-m/crtbegin.o
 .ARM.attributes
                0x0000004a       0x1b /opt/nRF5_SDK_12.3.0_d7731ad/gcc-arm-none-eabi-4_9-2015q3/bin/../lib/gcc/arm-none-eabi/4.9.3/../../../../arm-none-eabi/lib/armv6-m/crt0.o
 .ARM.attributes
                0x00000065       0x31 ./nRF_SoftDevice/softdevice_handler.o
 .ARM.attributes
                0x00000096       0x31 ./nRF_Libraries/app_button.o
 .ARM.attributes
                0x000000c7       0x31 ./nRF_Libraries/app_error.o
 .ARM.attributes
                0x000000f8       0x31 ./nRF_Libraries/app_error_weak.o
 .ARM.attributes
                0x00000129       0x31 ./nRF_Libraries/app_timer.o
 .ARM.attributes
                0x0000015a       0x31 ./nRF_Libraries/app_util_platform.o
 .ARM.attributes
                0x0000018b       0x31 ./nRF_Drivers/nrf_drv_clock.o
 .ARM.attributes
                0x000001bc       0x31 ./nRF_Drivers/nrf_drv_common.o
 .ARM.attributes
                0x000001ed       0x31 ./nRF_Drivers/nrf_drv_gpiote.o
 .ARM.attributes
                0x0000021e       0x31 ./nRF_Drivers/nrf_drv_uart.o
 .ARM.attributes
                0x0000024f       0x31 ./nRF_BLE_Services/ble_lbs.o
 .ARM.attributes
                0x00000280       0x31 ./nRF_BLE/ble_advdata.o
 .ARM.attributes
                0x000002b1       0x31 ./nRF_BLE/ble_conn_params.o
 .ARM.attributes
                0x000002e2       0x31 ./nRF_BLE/ble_srv_common.o
 .ARM.attributes
                0x00000313       0x1b ./Source Files/gcc_startup_nrf51.o
 .ARM.attributes
                0x0000032e       0x31 ./Source Files/main.o
 .ARM.attributes
                0x0000035f       0x31 ./Source Files/system_nrf51.o
 .ARM.attributes
                0x00000390       0x31 ./Board Definition/boards.o
 .ARM.attributes
                0x000003c1       0x2c /opt/nRF5_SDK_12.3.0_d7731ad/gcc-arm-none-eabi-4_9-2015q3/bin/../lib/gcc/arm-none-eabi/4.9.3/../../../../arm-none-eabi/lib/armv6-m/libg_nano.a(lib_a-exit.o)
 .ARM.attributes
                0x000003ed       0x2c /opt/nRF5_SDK_12.3.0_d7731ad/gcc-arm-none-eabi-4_9-2015q3/bin/../lib/gcc/arm-none-eabi/4.9.3/../../../../arm-none-eabi/lib/armv6-m/libg_nano.a(lib_a-impure.o)
 .ARM.attributes
                0x00000419       0x2c /opt/nRF5_SDK_12.3.0_d7731ad/gcc-arm-none-eabi-4_9-2015q3/bin/../lib/gcc/arm-none-eabi/4.9.3/../../../../arm-none-eabi/lib/armv6-m/libg_nano.a(lib_a-init.o)
 .ARM.attributes
                0x00000445       0x2c /opt/nRF5_SDK_12.3.0_d7731ad/gcc-arm-none-eabi-4_9-2015q3/bin/../lib/gcc/arm-none-eabi/4.9.3/../../../../arm-none-eabi/lib/armv6-m/libg_nano.a(lib_a-memcpy.o)
 .ARM.attributes
                0x00000471       0x2c /opt/nRF5_SDK_12.3.0_d7731ad/gcc-arm-none-eabi-4_9-2015q3/bin/../lib/gcc/arm-none-eabi/4.9.3/../../../../arm-none-eabi/lib/armv6-m/libg_nano.a(lib_a-memset.o)
 .ARM.attributes
                0x0000049d       0x2c /opt/nRF5_SDK_12.3.0_d7731ad/gcc-arm-none-eabi-4_9-2015q3/bin/../lib/gcc/arm-none-eabi/4.9.3/../../../../arm-none-eabi/lib/armv6-m/libg_nano.a(lib_a-strlen.o)
 .ARM.attributes
                0x000004c9       0x2c /opt/nRF5_SDK_12.3.0_d7731ad/gcc-arm-none-eabi-4_9-2015q3/bin/../lib/gcc/arm-none-eabi/4.9.3/armv6-m/crtend.o
 .ARM.attributes
                0x000004f5       0x1e /opt/nRF5_SDK_12.3.0_d7731ad/gcc-arm-none-eabi-4_9-2015q3/bin/../lib/gcc/arm-none-eabi/4.9.3/armv6-m/crtn.o
 .ARM.attributes
                0x00000513       0x2c /opt/nRF5_SDK_12.3.0_d7731ad/gcc-arm-none-eabi-4_9-2015q3/bin/../lib/gcc/arm-none-eabi/4.9.3/../../../../arm-none-eabi/lib/armv6-m/libnosys.a(_exit.o)

.comment        0x00000000       0x70
 .comment       0x00000000       0x70 ./nRF_SoftDevice/softdevice_handler.o
                                 0x71 (size before relaxing)
 .comment       0x00000000       0x71 ./nRF_Libraries/app_button.o
 .comment       0x00000000       0x71 ./nRF_Libraries/app_error.o
 .comment       0x00000000       0x71 ./nRF_Libraries/app_error_weak.o
 .comment       0x00000000       0x71 ./nRF_Libraries/app_timer.o
 .comment       0x00000000       0x71 ./nRF_Libraries/app_util_platform.o
 .comment       0x00000000       0x71 ./nRF_Drivers/nrf_drv_clock.o
 .comment       0x00000000       0x71 ./nRF_Drivers/nrf_drv_common.o
 .comment       0x00000000       0x71 ./nRF_Drivers/nrf_drv_gpiote.o
 .comment       0x00000000       0x71 ./nRF_Drivers/nrf_drv_uart.o
 .comment       0x00000000       0x71 ./nRF_BLE_Services/ble_lbs.o
 .comment       0x00000000       0x71 ./nRF_BLE/ble_advdata.o
 .comment       0x00000000       0x71 ./nRF_BLE/ble_conn_params.o
 .comment       0x00000000       0x71 ./nRF_BLE/ble_srv_common.o
 .comment       0x00000000       0x71 ./Source Files/main.o
 .comment       0x00000000       0x71 ./Source Files/system_nrf51.o
 .comment       0x00000000       0x71 ./Board Definition/boards.o

.debug_info     0x00000000    0x220aa
 .debug_info    0x00000000     0x45f3 ./nRF_SoftDevice/softdevice_handler.o
 .debug_info    0x000045f3      0x49c ./nRF_Libraries/app_button.o
 .debug_info    0x00004a8f      0x2e0 ./nRF_Libraries/app_error.o
 .debug_info    0x00004d6f      0x1f2 ./nRF_Libraries/app_error_weak.o
 .debug_info    0x00004f61     0x1d23 ./nRF_Libraries/app_timer.o
 .debug_info    0x00006c84      0xf9f ./nRF_Libraries/app_util_platform.o
 .debug_info    0x00007c23     0x3b17 ./nRF_Drivers/nrf_drv_clock.o
 .debug_info    0x0000b73a      0xfbd ./nRF_Drivers/nrf_drv_common.o
 .debug_info    0x0000c6f7     0x232e ./nRF_Drivers/nrf_drv_gpiote.o
 .debug_info    0x0000ea25     0x245d ./nRF_Drivers/nrf_drv_uart.o
 .debug_info    0x00010e82     0x3469 ./nRF_BLE_Services/ble_lbs.o
 .debug_info    0x000142eb     0x2bd3 ./nRF_BLE/ble_advdata.o
 .debug_info    0x00016ebe     0x35bd ./nRF_BLE/ble_conn_params.o
 .debug_info    0x0001a47b     0x2818 ./nRF_BLE/ble_srv_common.o
 .debug_info    0x0001cc93       0xa6 ./Source Files/gcc_startup_nrf51.o
 .debug_info    0x0001cd39     0x4974 ./Source Files/main.o
 .debug_info    0x000216ad      0x1c2 ./Source Files/system_nrf51.o
 .debug_info    0x0002186f      0x83b ./Board Definition/boards.o

.debug_abbrev   0x00000000     0x2a16
 .debug_abbrev  0x00000000      0x39e ./nRF_SoftDevice/softdevice_handler.o
 .debug_abbrev  0x0000039e      0x13e ./nRF_Libraries/app_button.o
 .debug_abbrev  0x000004dc      0x10c ./nRF_Libraries/app_error.o
 .debug_abbrev  0x000005e8      0x111 ./nRF_Libraries/app_error_weak.o
 .debug_abbrev  0x000006f9      0x372 ./nRF_Libraries/app_timer.o
 .debug_abbrev  0x00000a6b      0x2a7 ./nRF_Libraries/app_util_platform.o
 .debug_abbrev  0x00000d12      0x417 ./nRF_Drivers/nrf_drv_clock.o
 .debug_abbrev  0x00001129      0x1ec ./nRF_Drivers/nrf_drv_common.o
 .debug_abbrev  0x00001315      0x357 ./nRF_Drivers/nrf_drv_gpiote.o
 .debug_abbrev  0x0000166c      0x316 ./nRF_Drivers/nrf_drv_uart.o
 .debug_abbrev  0x00001982      0x2b8 ./nRF_BLE_Services/ble_lbs.o
 .debug_abbrev  0x00001c3a      0x269 ./nRF_BLE/ble_advdata.o
 .debug_abbrev  0x00001ea3      0x325 ./nRF_BLE/ble_conn_params.o
 .debug_abbrev  0x000021c8      0x24b ./nRF_BLE/ble_srv_common.o
 .debug_abbrev  0x00002413       0x14 ./Source Files/gcc_startup_nrf51.o
 .debug_abbrev  0x00002427      0x315 ./Source Files/main.o
 .debug_abbrev  0x0000273c       0xf2 ./Source Files/system_nrf51.o
 .debug_abbrev  0x0000282e      0x1e8 ./Board Definition/boards.o

.debug_aranges  0x00000000     0x25d8
 .debug_aranges
                0x00000000      0x468 ./nRF_SoftDevice/softdevice_handler.o
 .debug_aranges
                0x00000468       0x48 ./nRF_Libraries/app_button.o
 .debug_aranges
                0x000004b0       0x30 ./nRF_Libraries/app_error.o
 .debug_aranges
                0x000004e0       0x28 ./nRF_Libraries/app_error_weak.o
 .debug_aranges
                0x00000508      0x298 ./nRF_Libraries/app_timer.o
 .debug_aranges
                0x000007a0      0x1a8 ./nRF_Libraries/app_util_platform.o
 .debug_aranges
                0x00000948      0x4a8 ./nRF_Drivers/nrf_drv_clock.o
 .debug_aranges
                0x00000df0      0x1a0 ./nRF_Drivers/nrf_drv_common.o
 .debug_aranges
                0x00000f90      0x388 ./nRF_Drivers/nrf_drv_gpiote.o
 .debug_aranges
                0x00001318      0x328 ./nRF_Drivers/nrf_drv_uart.o
 .debug_aranges
                0x00001640      0x270 ./nRF_BLE_Services/ble_lbs.o
 .debug_aranges
                0x000018b0      0x2b0 ./nRF_BLE/ble_advdata.o
 .debug_aranges
                0x00001b60      0x288 ./nRF_BLE/ble_conn_params.o
 .debug_aranges
                0x00001de8      0x270 ./nRF_BLE/ble_srv_common.o
 .debug_aranges
                0x00002058       0x20 ./Source Files/gcc_startup_nrf51.o
 .debug_aranges
                0x00002078      0x430 ./Source Files/main.o
 .debug_aranges
                0x000024a8       0x40 ./Source Files/system_nrf51.o
 .debug_aranges
                0x000024e8       0xf0 ./Board Definition/boards.o

.debug_ranges   0x00000000     0x24d8
 .debug_ranges  0x00000000      0x458 ./nRF_SoftDevice/softdevice_handler.o
 .debug_ranges  0x00000458       0x38 ./nRF_Libraries/app_button.o
 .debug_ranges  0x00000490       0x20 ./nRF_Libraries/app_error.o
 .debug_ranges  0x000004b0       0x18 ./nRF_Libraries/app_error_weak.o
 .debug_ranges  0x000004c8      0x288 ./nRF_Libraries/app_timer.o
 .debug_ranges  0x00000750      0x198 ./nRF_Libraries/app_util_platform.o
 .debug_ranges  0x000008e8      0x498 ./nRF_Drivers/nrf_drv_clock.o
 .debug_ranges  0x00000d80      0x190 ./nRF_Drivers/nrf_drv_common.o
 .debug_ranges  0x00000f10      0x390 ./nRF_Drivers/nrf_drv_gpiote.o
 .debug_ranges  0x000012a0      0x318 ./nRF_Drivers/nrf_drv_uart.o
 .debug_ranges  0x000015b8      0x260 ./nRF_BLE_Services/ble_lbs.o
 .debug_ranges  0x00001818      0x2a0 ./nRF_BLE/ble_advdata.o
 .debug_ranges  0x00001ab8      0x290 ./nRF_BLE/ble_conn_params.o
 .debug_ranges  0x00001d48      0x260 ./nRF_BLE/ble_srv_common.o
 .debug_ranges  0x00001fa8      0x420 ./Source Files/main.o
 .debug_ranges  0x000023c8       0x30 ./Source Files/system_nrf51.o
 .debug_ranges  0x000023f8       0xe0 ./Board Definition/boards.o

.debug_macro    0x00000000     0xe950
 .debug_macro   0x00000000      0x3df ./nRF_SoftDevice/softdevice_handler.o
 .debug_macro   0x000003df      0x850 ./nRF_SoftDevice/softdevice_handler.o
 .debug_macro   0x00000c2f       0x58 ./nRF_SoftDevice/softdevice_handler.o
 .debug_macro   0x00000c87       0x22 ./nRF_SoftDevice/softdevice_handler.o
 .debug_macro   0x00000ca9       0x35 ./nRF_SoftDevice/softdevice_handler.o
 .debug_macro   0x00000cde       0x9c ./nRF_SoftDevice/softdevice_handler.o
 .debug_macro   0x00000d7a       0x16 ./nRF_SoftDevice/softdevice_handler.o
 .debug_macro   0x00000d90      0x10e ./nRF_SoftDevice/softdevice_handler.o
 .debug_macro   0x00000e9e       0x7f ./nRF_SoftDevice/softdevice_handler.o
 .debug_macro   0x00000f1d       0x4a ./nRF_SoftDevice/softdevice_handler.o
 .debug_macro   0x00000f67       0x52 ./nRF_SoftDevice/softdevice_handler.o
 .debug_macro   0x00000fb9       0x16 ./nRF_SoftDevice/softdevice_handler.o
 .debug_macro   0x00000fcf       0x43 ./nRF_SoftDevice/softdevice_handler.o
 .debug_macro   0x00001012      0x180 ./nRF_SoftDevice/softdevice_handler.o
 .debug_macro   0x00001192      0x29d ./nRF_SoftDevice/softdevice_handler.o
 .debug_macro   0x0000142f       0x16 ./nRF_SoftDevice/softdevice_handler.o
 .debug_macro   0x00001445       0x29 ./nRF_SoftDevice/softdevice_handler.o
 .debug_macro   0x0000146e      0x16d ./nRF_SoftDevice/softdevice_handler.o
 .debug_macro   0x000015db       0xe3 ./nRF_SoftDevice/softdevice_handler.o
 .debug_macro   0x000016be       0x22 ./nRF_SoftDevice/softdevice_handler.o
 .debug_macro   0x000016e0      0x1df ./nRF_SoftDevice/softdevice_handler.o
 .debug_macro   0x000018bf       0x10 ./nRF_SoftDevice/softdevice_handler.o
 .debug_macro   0x000018cf       0x1c ./nRF_SoftDevice/softdevice_handler.o
 .debug_macro   0x000018eb       0x22 ./nRF_SoftDevice/softdevice_handler.o
 .debug_macro   0x0000190d       0x3a ./nRF_SoftDevice/softdevice_handler.o
 .debug_macro   0x00001947       0x26 ./nRF_SoftDevice/softdevice_handler.o
 .debug_macro   0x0000196d      0x30d ./nRF_SoftDevice/softdevice_handler.o
 .debug_macro   0x00001c7a      0x1b6 ./nRF_SoftDevice/softdevice_handler.o
 .debug_macro   0x00001e30     0x6504 ./nRF_SoftDevice/softdevice_handler.o
 .debug_macro   0x00008334      0x97c ./nRF_SoftDevice/softdevice_handler.o
 .debug_macro   0x00008cb0       0x22 ./nRF_SoftDevice/softdevice_handler.o
 .debug_macro   0x00008cd2       0x22 ./nRF_SoftDevice/softdevice_handler.o
 .debug_macro   0x00008cf4       0x9a ./nRF_SoftDevice/softdevice_handler.o
 .debug_macro   0x00008d8e       0x40 ./nRF_SoftDevice/softdevice_handler.o
 .debug_macro   0x00008dce       0x64 ./nRF_SoftDevice/softdevice_handler.o
 .debug_macro   0x00008e32       0x1c ./nRF_SoftDevice/softdevice_handler.o
 .debug_macro   0x00008e4e       0x8f ./nRF_SoftDevice/softdevice_handler.o
 .debug_macro   0x00008edd       0x1c ./nRF_SoftDevice/softdevice_handler.o
 .debug_macro   0x00008ef9       0x35 ./nRF_SoftDevice/softdevice_handler.o
 .debug_macro   0x00008f2e       0x10 ./nRF_SoftDevice/softdevice_handler.o
 .debug_macro   0x00008f3e       0x10 ./nRF_SoftDevice/softdevice_handler.o
 .debug_macro   0x00008f4e       0x22 ./nRF_SoftDevice/softdevice_handler.o
 .debug_macro   0x00008f70       0xbe ./nRF_SoftDevice/softdevice_handler.o
 .debug_macro   0x0000902e       0x16 ./nRF_SoftDevice/softdevice_handler.o
 .debug_macro   0x00009044      0x197 ./nRF_SoftDevice/softdevice_handler.o
 .debug_macro   0x000091db      0x335 ./nRF_SoftDevice/softdevice_handler.o
 .debug_macro   0x00009510       0x8e ./nRF_SoftDevice/softdevice_handler.o
 .debug_macro   0x0000959e       0x2b ./nRF_SoftDevice/softdevice_handler.o
 .debug_macro   0x000095c9      0x395 ./nRF_SoftDevice/softdevice_handler.o
 .debug_macro   0x0000995e       0xd6 ./nRF_SoftDevice/softdevice_handler.o
 .debug_macro   0x00009a34      0x1fb ./nRF_SoftDevice/softdevice_handler.o
 .debug_macro   0x00009c2f      0x3fa ./nRF_SoftDevice/softdevice_handler.o
 .debug_macro   0x0000a029       0x40 ./nRF_SoftDevice/softdevice_handler.o
 .debug_macro   0x0000a069       0x22 ./nRF_SoftDevice/softdevice_handler.o
 .debug_macro   0x0000a08b      0x201 ./nRF_SoftDevice/softdevice_handler.o
 .debug_macro   0x0000a28c       0x1c ./nRF_SoftDevice/softdevice_handler.o
 .debug_macro   0x0000a2a8       0xdb ./nRF_SoftDevice/softdevice_handler.o
 .debug_macro   0x0000a383       0x24 ./nRF_SoftDevice/softdevice_handler.o
 .debug_macro   0x0000a3a7       0x16 ./nRF_SoftDevice/softdevice_handler.o
 .debug_macro   0x0000a3bd       0x10 ./nRF_SoftDevice/softdevice_handler.o
 .debug_macro   0x0000a3cd      0x18a ./nRF_SoftDevice/softdevice_handler.o
 .debug_macro   0x0000a557       0x1c ./nRF_SoftDevice/softdevice_handler.o
 .debug_macro   0x0000a573       0x16 ./nRF_SoftDevice/softdevice_handler.o
 .debug_macro   0x0000a589       0x10 ./nRF_SoftDevice/softdevice_handler.o
 .debug_macro   0x0000a599       0x22 ./nRF_SoftDevice/softdevice_handler.o
 .debug_macro   0x0000a5bb       0x22 ./nRF_SoftDevice/softdevice_handler.o
 .debug_macro   0x0000a5dd       0x4b ./nRF_SoftDevice/softdevice_handler.o
 .debug_macro   0x0000a628       0x10 ./nRF_SoftDevice/softdevice_handler.o
 .debug_macro   0x0000a638       0x28 ./nRF_SoftDevice/softdevice_handler.o
 .debug_macro   0x0000a660       0x1c ./nRF_SoftDevice/softdevice_handler.o
 .debug_macro   0x0000a67c      0x176 ./nRF_SoftDevice/softdevice_handler.o
 .debug_macro   0x0000a7f2       0x5a ./nRF_SoftDevice/softdevice_handler.o
 .debug_macro   0x0000a84c      0x2e1 ./nRF_Libraries/app_button.o
 .debug_macro   0x0000ab2d      0x168 ./nRF_Libraries/app_button.o
 .debug_macro   0x0000ac95       0x16 ./nRF_Libraries/app_button.o
 .debug_macro   0x0000acab       0x1c ./nRF_Libraries/app_button.o
 .debug_macro   0x0000acc7       0x36 ./nRF_Libraries/app_button.o
 .debug_macro   0x0000acfd       0x11 ./nRF_Libraries/app_button.o
 .debug_macro   0x0000ad0e       0x30 ./nRF_Libraries/app_button.o
 .debug_macro   0x0000ad3e      0x26d ./nRF_Libraries/app_error.o
 .debug_macro   0x0000afab       0x34 ./nRF_Libraries/app_error.o
 .debug_macro   0x0000afdf       0x22 ./nRF_Libraries/app_error.o
 .debug_macro   0x0000b001      0x39b ./nRF_Libraries/app_error.o
 .debug_macro   0x0000b39c      0x170 ./nRF_Libraries/app_error.o
 .debug_macro   0x0000b50c       0x28 ./nRF_Libraries/app_error.o
 .debug_macro   0x0000b534       0x22 ./nRF_Libraries/app_error.o
 .debug_macro   0x0000b556      0x26d ./nRF_Libraries/app_error_weak.o
 .debug_macro   0x0000b7c3      0x30d ./nRF_Libraries/app_timer.o
 .debug_macro   0x0000bad0       0x10 ./nRF_Libraries/app_timer.o
 .debug_macro   0x0000bae0      0x240 ./nRF_Libraries/app_util_platform.o
 .debug_macro   0x0000bd20      0x407 ./nRF_Drivers/nrf_drv_clock.o
 .debug_macro   0x0000c127       0x16 ./nRF_Drivers/nrf_drv_clock.o
 .debug_macro   0x0000c13d      0x2aa ./nRF_Drivers/nrf_drv_common.o
 .debug_macro   0x0000c3e7       0x22 ./nRF_Drivers/nrf_drv_common.o
 .debug_macro   0x0000c409      0x389 ./nRF_Drivers/nrf_drv_gpiote.o
 .debug_macro   0x0000c792       0x16 ./nRF_Drivers/nrf_drv_gpiote.o
 .debug_macro   0x0000c7a8      0x36e ./nRF_Drivers/nrf_drv_uart.o
 .debug_macro   0x0000cb16       0x10 ./nRF_Drivers/nrf_drv_uart.o
 .debug_macro   0x0000cb26       0x36 ./nRF_Drivers/nrf_drv_uart.o
 .debug_macro   0x0000cb5c      0x26b ./nRF_BLE_Services/ble_lbs.o
 .debug_macro   0x0000cdc7      0x3f4 ./nRF_BLE_Services/ble_lbs.o
 .debug_macro   0x0000d1bb       0x3a ./nRF_BLE_Services/ble_lbs.o
 .debug_macro   0x0000d1f5      0x2ea ./nRF_BLE_Services/ble_lbs.o
 .debug_macro   0x0000d4df       0x1c ./nRF_BLE_Services/ble_lbs.o
 .debug_macro   0x0000d4fb      0x277 ./nRF_BLE/ble_advdata.o
 .debug_macro   0x0000d772       0x64 ./nRF_BLE/ble_advdata.o
 .debug_macro   0x0000d7d6      0x2e2 ./nRF_BLE/ble_conn_params.o
 .debug_macro   0x0000dab8       0xa6 ./nRF_BLE/ble_conn_params.o
 .debug_macro   0x0000db5e      0x2a9 ./nRF_BLE/ble_srv_common.o
 .debug_macro   0x0000de07      0x4bd ./Source Files/main.o
 .debug_macro   0x0000e2c4       0x6a ./Source Files/main.o
 .debug_macro   0x0000e32e       0x46 ./Source Files/main.o
 .debug_macro   0x0000e374       0x1c ./Source Files/main.o
 .debug_macro   0x0000e390       0x3c ./Source Files/main.o
 .debug_macro   0x0000e3cc       0x22 ./Source Files/main.o
 .debug_macro   0x0000e3ee       0xe2 ./Source Files/main.o
 .debug_macro   0x0000e4d0      0x115 ./Source Files/main.o
 .debug_macro   0x0000e5e5       0x2e ./Source Files/main.o
 .debug_macro   0x0000e613       0xd0 ./Source Files/system_nrf51.o
 .debug_macro   0x0000e6e3      0x26d ./Board Definition/boards.o

.debug_line     0x00000000     0xd429
 .debug_line    0x00000000     0x1383 ./nRF_SoftDevice/softdevice_handler.o
 .debug_line    0x00001383      0x7b5 ./nRF_Libraries/app_button.o
 .debug_line    0x00001b38      0x666 ./nRF_Libraries/app_error.o
 .debug_line    0x0000219e      0x64c ./nRF_Libraries/app_error_weak.o
 .debug_line    0x000027ea      0xde6 ./nRF_Libraries/app_timer.o
 .debug_line    0x000035d0      0x906 ./nRF_Libraries/app_util_platform.o
 .debug_line    0x00003ed6     0x1434 ./nRF_Drivers/nrf_drv_clock.o
 .debug_line    0x0000530a      0xa0a ./nRF_Drivers/nrf_drv_common.o
 .debug_line    0x00005d14     0x1237 ./nRF_Drivers/nrf_drv_gpiote.o
 .debug_line    0x00006f4b     0x1081 ./nRF_Drivers/nrf_drv_uart.o
 .debug_line    0x00007fcc      0xbe1 ./nRF_BLE_Services/ble_lbs.o
 .debug_line    0x00008bad      0xdbc ./nRF_BLE/ble_advdata.o
 .debug_line    0x00009969      0xc75 ./nRF_BLE/ble_conn_params.o
 .debug_line    0x0000a5de      0xc40 ./nRF_BLE/ble_srv_common.o
 .debug_line    0x0000b21e       0xa5 ./Source Files/gcc_startup_nrf51.o
 .debug_line    0x0000b2c3     0x151e ./Source Files/main.o
 .debug_line    0x0000c7e1      0x3ee ./Source Files/system_nrf51.o
 .debug_line    0x0000cbcf      0x85a ./Board Definition/boards.o

.debug_str      0x00000000    0x4530c
 .debug_str     0x00000000    0x3ca81 ./nRF_SoftDevice/softdevice_handler.o
                              0x3cfc6 (size before relaxing)
 .debug_str     0x0003ca81      0xf46 ./nRF_Libraries/app_button.o
                              0x32ce8 (size before relaxing)
 .debug_str     0x0003d9c7      0x39d ./nRF_Libraries/app_error.o
                              0x3355e (size before relaxing)
 .debug_str     0x0003dd64       0x9d ./nRF_Libraries/app_error_weak.o
                              0x334c3 (size before relaxing)
 .debug_str     0x0003de01      0xb27 ./nRF_Libraries/app_timer.o
                              0x3426c (size before relaxing)
 .debug_str     0x0003e928      0x171 ./nRF_Libraries/app_util_platform.o
                              0x30117 (size before relaxing)
 .debug_str     0x0003ea99      0xa28 ./nRF_Drivers/nrf_drv_clock.o
                              0x3cfbc (size before relaxing)
 .debug_str     0x0003f4c1       0xa2 ./nRF_Drivers/nrf_drv_common.o
                              0x339b0 (size before relaxing)
 .debug_str     0x0003f563      0xe40 ./nRF_Drivers/nrf_drv_gpiote.o
                              0x3671c (size before relaxing)
 .debug_str     0x000403a3      0xe8e ./nRF_Drivers/nrf_drv_uart.o
                              0x3654b (size before relaxing)
 .debug_str     0x00041231     0x15eb ./nRF_BLE_Services/ble_lbs.o
                              0x383e7 (size before relaxing)
 .debug_str     0x0004281c      0x91c ./nRF_BLE/ble_advdata.o
                              0x37fc4 (size before relaxing)
 .debug_str     0x00043138      0x77e ./nRF_BLE/ble_conn_params.o
                              0x398a3 (size before relaxing)
 .debug_str     0x000438b6      0x2fb ./nRF_BLE/ble_srv_common.o
                              0x384f5 (size before relaxing)
 .debug_str     0x00043bb1     0x1471 ./Source Files/main.o
                              0x40474 (size before relaxing)
 .debug_str     0x00045022      0x12b ./Source Files/system_nrf51.o
                              0x29c8e (size before relaxing)
 .debug_str     0x0004514d      0x1bf ./Board Definition/boards.o
                              0x2fc59 (size before relaxing)

.debug_frame    0x00000000     0x5ed4
 .debug_frame   0x00000000      0xa38 ./nRF_SoftDevice/softdevice_handler.o
 .debug_frame   0x00000a38       0xd0 ./nRF_Libraries/app_button.o
 .debug_frame   0x00000b08       0x70 ./nRF_Libraries/app_error.o
 .debug_frame   0x00000b78       0x4c ./nRF_Libraries/app_error_weak.o
 .debug_frame   0x00000bc4      0x750 ./nRF_Libraries/app_timer.o
 .debug_frame   0x00001314      0x3a4 ./nRF_Libraries/app_util_platform.o
 .debug_frame   0x000016b8      0xb14 ./nRF_Drivers/nrf_drv_clock.o
 .debug_frame   0x000021cc      0x390 ./nRF_Drivers/nrf_drv_common.o
 .debug_frame   0x0000255c      0xb2c ./nRF_Drivers/nrf_drv_gpiote.o
 .debug_frame   0x00003088      0x9ac ./nRF_Drivers/nrf_drv_uart.o
 .debug_frame   0x00003a34      0x540 ./nRF_BLE_Services/ble_lbs.o
 .debug_frame   0x00003f74      0x640 ./nRF_BLE/ble_advdata.o
 .debug_frame   0x000045b4      0x59c ./nRF_BLE/ble_conn_params.o
 .debug_frame   0x00004b50      0x540 ./nRF_BLE/ble_srv_common.o
 .debug_frame   0x00005090      0x95c ./Source Files/main.o
 .debug_frame   0x000059ec       0x9c ./Source Files/system_nrf51.o
 .debug_frame   0x00005a88      0x370 ./Board Definition/boards.o
 .debug_frame   0x00005df8       0x28 /opt/nRF5_SDK_12.3.0_d7731ad/gcc-arm-none-eabi-4_9-2015q3/bin/../lib/gcc/arm-none-eabi/4.9.3/../../../../arm-none-eabi/lib/armv6-m/libg_nano.a(lib_a-exit.o)
 .debug_frame   0x00005e20       0x2c /opt/nRF5_SDK_12.3.0_d7731ad/gcc-arm-none-eabi-4_9-2015q3/bin/../lib/gcc/arm-none-eabi/4.9.3/../../../../arm-none-eabi/lib/armv6-m/libg_nano.a(lib_a-init.o)
 .debug_frame   0x00005e4c       0x28 /opt/nRF5_SDK_12.3.0_d7731ad/gcc-arm-none-eabi-4_9-2015q3/bin/../lib/gcc/arm-none-eabi/4.9.3/../../../../arm-none-eabi/lib/armv6-m/libg_nano.a(lib_a-memcpy.o)
 .debug_frame   0x00005e74       0x20 /opt/nRF5_SDK_12.3.0_d7731ad/gcc-arm-none-eabi-4_9-2015q3/bin/../lib/gcc/arm-none-eabi/4.9.3/../../../../arm-none-eabi/lib/armv6-m/libg_nano.a(lib_a-memset.o)
 .debug_frame   0x00005e94       0x20 /opt/nRF5_SDK_12.3.0_d7731ad/gcc-arm-none-eabi-4_9-2015q3/bin/../lib/gcc/arm-none-eabi/4.9.3/../../../../arm-none-eabi/lib/armv6-m/libg_nano.a(lib_a-strlen.o)
 .debug_frame   0x00005eb4       0x20 /opt/nRF5_SDK_12.3.0_d7731ad/gcc-arm-none-eabi-4_9-2015q3/bin/../lib/gcc/arm-none-eabi/4.9.3/../../../../arm-none-eabi/lib/armv6-m/libnosys.a(_exit.o)
